// Jest Snapshot v1, https://goo.gl/fbAQLP

exports[`Patients Test should match snapshot 1`] = `
<div>
  <h2>
    Patients
  </h2>
  <PatientsList
    patients={Array []}
  />
</div>
`;
